2026-05-01 07:34:53.237 | INFO     | core.logger:log_middleware:27 - IP: 127.0.0.1 | Method: GET | URL: /geojson/map | Status: 200 | Time: 265.15ms
2026-05-01 07:35:52.308 | INFO     | core.logger:log_middleware:27 - IP: 127.0.0.1 | Method: GET | URL: /geojson/map | Status: 200 | Time: 217.86ms
2026-05-01 07:36:46.925 | INFO     | core.logger:log_middleware:27 - IP: 127.0.0.1 | Method: GET | URL: /equip/rsvr_list/1 | Status: 200 | Time: 253.78ms
2026-05-01 07:37:00.314 | INFO     | core.logger:log_middleware:27 - IP: 127.0.0.1 | Method: GET | URL: /equip/rsvr_list/1 | Status: 200 | Time: 41.32ms
2026-05-01 07:38:47.557 | INFO     | core.logger:log_middleware:27 - IP: 127.0.0.1 | Method: GET | URL: /geojson/map | Status: 200 | Time: 238.44ms
2026-05-01 07:39:31.054 | INFO     | core.logger:log_middleware:27 - IP: 127.0.0.1 | Method: GET | URL: /geojson/map | Status: 200 | Time: 247.08ms
2026-05-01 07:41:45.480 | INFO     | __mp_main__:<module>:49 - app
2026-05-01 07:41:45.494 | INFO     | main:<module>:49 - app
2026-05-01 07:41:45.501 | INFO     | main:lifespan:23 - SELECT * FROM VI_SV_INFO_EQUIP_RSVR
WHERE SITE_SQ = :site_sq
ORDER BY EQUIP_NM

2026-05-01 07:41:45.501 | INFO     | main:lifespan:24 - 🚀 Database pool initialized and queries loaded.
2026-05-01 07:45:36.052 | INFO     | main:lifespan:28 - 🛑 Database pool closed.
2026-05-01 07:46:27.239 | INFO     | __mp_main__:<module>:49 - app
2026-05-01 07:46:27.253 | INFO     | main:<module>:49 - app
2026-05-01 07:46:27.260 | INFO     | main:lifespan:23 - SELECT * FROM VI_SV_INFO_EQUIP_RSVR
WHERE SITE_SQ = :site_sq
ORDER BY EQUIP_NM

2026-05-01 07:46:27.260 | INFO     | main:lifespan:24 - 🚀 Database pool initialized and queries loaded.
2026-05-01 07:46:27.266 | INFO     | core.logger:log_middleware:28 - IP: 127.0.0.1 | Method: GET | URL: /docs | Status: 200 | Time: 0.76ms
2026-05-01 07:46:27.266 | INFO     | core.logger:log_middleware:28 - IP: 127.0.0.1 | Method: GET | URL: /docs | Status: 200 | Time: 0.90ms
2026-05-01 07:46:27.445 | INFO     | core.logger:log_middleware:28 - IP: 127.0.0.1 | Method: GET | URL: /openapi.json | Status: 200 | Time: 2.16ms
2026-05-01 07:47:24.535 | INFO     | main:lifespan:28 - 🛑 Database pool closed.
2026-05-01 07:47:24.968 | INFO     | __mp_main__:<module>:49 - app
2026-05-01 07:47:24.981 | INFO     | main:<module>:49 - app
2026-05-01 07:47:24.989 | INFO     | main:lifespan:23 - SELECT * FROM VI_SV_INFO_EQUIP_RSVR
WHERE SITE_SQ = :site_sq
ORDER BY EQUIP_NM

2026-05-01 07:47:24.989 | INFO     | main:lifespan:24 - 🚀 Database pool initialized and queries loaded.
2026-05-01 07:47:27.459 | INFO     | core.logger:log_middleware:28 - IP: 127.0.0.1 | Method: GET | URL: /docs | Status: 200 | Time: 0.28ms
2026-05-01 07:47:27.501 | INFO     | core.logger:log_middleware:28 - IP: 127.0.0.1 | Method: GET | URL: /openapi.json | Status: 200 | Time: 1.65ms
2026-05-01 07:48:12.951 | INFO     | main:lifespan:28 - 🛑 Database pool closed.
2026-05-01 07:48:13.369 | INFO     | __mp_main__:<module>:49 - app
2026-05-01 07:48:13.383 | INFO     | main:<module>:49 - app
2026-05-01 07:48:13.390 | INFO     | main:lifespan:23 - SELECT * FROM VI_SV_INFO_EQUIP_RSVR
WHERE SITE_SQ = :site_sq
ORDER BY EQUIP_NM

2026-05-01 07:48:13.390 | INFO     | main:lifespan:24 - 🚀 Database pool initialized and queries loaded.
2026-05-01 07:48:15.623 | INFO     | core.logger:log_middleware:28 - IP: 127.0.0.1 | Method: GET | URL: /docs | Status: 200 | Time: 0.39ms
2026-05-01 07:48:15.667 | INFO     | core.logger:log_middleware:28 - IP: 127.0.0.1 | Method: GET | URL: /openapi.json | Status: 200 | Time: 1.58ms
2026-05-01 07:52:29.380 | INFO     | main:lifespan:28 - 🛑 Database pool closed.
2026-05-01 07:52:29.878 | INFO     | __mp_main__:<module>:49 - app
2026-05-01 07:52:29.893 | INFO     | main:<module>:49 - app
2026-05-01 07:52:29.901 | INFO     | main:lifespan:23 - SELECT * FROM VI_SV_INFO_EQUIP_RSVR
WHERE SITE_SQ = :site_sq
ORDER BY EQUIP_NM

2026-05-01 07:52:29.901 | INFO     | main:lifespan:24 - 🚀 Database pool initialized and queries loaded.
2026-05-01 07:52:39.435 | INFO     | main:lifespan:28 - 🛑 Database pool closed.
2026-05-01 07:52:39.860 | INFO     | __mp_main__:<module>:49 - app
2026-05-01 07:52:39.873 | INFO     | main:<module>:49 - app
2026-05-01 07:52:39.881 | INFO     | main:lifespan:23 - SELECT * FROM VI_SV_INFO_EQUIP_RSVR
WHERE SITE_SQ = :site_sq
ORDER BY EQUIP_NM

2026-05-01 07:52:39.881 | INFO     | main:lifespan:24 - 🚀 Database pool initialized and queries loaded.
2026-05-01 07:52:45.408 | INFO     | main:lifespan:28 - 🛑 Database pool closed.
2026-05-01 07:52:45.847 | INFO     | __mp_main__:<module>:49 - app
2026-05-01 07:52:45.863 | INFO     | main:<module>:49 - app
2026-05-01 07:52:45.871 | INFO     | main:lifespan:23 - SELECT * FROM VI_SV_INFO_EQUIP_RSVR
WHERE SITE_SQ = :site_sq
ORDER BY EQUIP_NM

2026-05-01 07:52:45.871 | INFO     | main:lifespan:24 - 🚀 Database pool initialized and queries loaded.
2026-05-01 07:52:47.778 | INFO     | core.logger:log_middleware:28 - IP: 127.0.0.1 | Method: GET | URL: /docs | Status: 200 | Time: 0.46ms
2026-05-01 07:52:47.823 | INFO     | core.logger:log_middleware:28 - IP: 127.0.0.1 | Method: GET | URL: /openapi.json | Status: 200 | Time: 1.57ms
2026-05-01 07:52:56.830 | INFO     | main:lifespan:28 - 🛑 Database pool closed.
2026-05-01 07:52:57.269 | INFO     | __mp_main__:<module>:49 - app
2026-05-01 07:52:57.284 | INFO     | main:<module>:49 - app
2026-05-01 07:52:57.293 | INFO     | main:lifespan:23 - SELECT * FROM VI_SV_INFO_EQUIP_RSVR
WHERE SITE_SQ = :site_sq
ORDER BY EQUIP_NM

2026-05-01 07:52:57.293 | INFO     | main:lifespan:24 - 🚀 Database pool initialized and queries loaded.
2026-05-01 07:52:58.823 | INFO     | core.logger:log_middleware:28 - IP: 127.0.0.1 | Method: GET | URL: /docs | Status: 200 | Time: 0.45ms
2026-05-01 07:52:58.861 | INFO     | core.logger:log_middleware:28 - IP: 127.0.0.1 | Method: GET | URL: /openapi.json | Status: 200 | Time: 2.25ms
2026-05-01 07:53:06.116 | INFO     | core.logger:log_middleware:28 - IP: 127.0.0.1 | Method: GET | URL: /api/map_list | Status: 200 | Time: 1.84ms
2026-05-01 07:53:46.182 | INFO     | main:lifespan:28 - 🛑 Database pool closed.
2026-05-01 07:53:46.599 | INFO     | __mp_main__:<module>:49 - app
2026-05-01 07:53:46.612 | INFO     | main:<module>:49 - app
2026-05-01 07:53:46.620 | INFO     | main:lifespan:23 - SELECT * FROM VI_SV_INFO_EQUIP_RSVR
WHERE SITE_SQ = :site_sq
ORDER BY EQUIP_NM

2026-05-01 07:53:46.620 | INFO     | main:lifespan:24 - 🚀 Database pool initialized and queries loaded.
2026-05-01 07:53:47.401 | INFO     | main:lifespan:28 - 🛑 Database pool closed.
2026-05-01 07:53:47.818 | INFO     | __mp_main__:<module>:49 - app
2026-05-01 07:53:47.831 | INFO     | main:<module>:49 - app
2026-05-01 07:53:47.840 | INFO     | main:lifespan:23 - SELECT * FROM VI_SV_INFO_EQUIP_RSVR
WHERE SITE_SQ = :site_sq
ORDER BY EQUIP_NM

2026-05-01 07:53:47.840 | INFO     | main:lifespan:24 - 🚀 Database pool initialized and queries loaded.
2026-05-01 07:53:49.777 | INFO     | core.logger:log_middleware:28 - IP: 127.0.0.1 | Method: GET | URL: /api/map_list | Status: 200 | Time: 1.77ms
2026-05-01 07:55:49.547 | INFO     | main:lifespan:28 - 🛑 Database pool closed.
2026-05-01 07:55:50.010 | INFO     | __mp_main__:<module>:49 - app
2026-05-01 07:55:50.024 | INFO     | main:<module>:49 - app
2026-05-01 07:55:50.031 | INFO     | main:lifespan:23 - SELECT * FROM VI_SV_INFO_EQUIP_RSVR
WHERE SITE_SQ = :site_sq
ORDER BY EQUIP_NM

2026-05-01 07:55:50.032 | INFO     | main:lifespan:24 - 🚀 Database pool initialized and queries loaded.
2026-05-01 07:56:02.577 | INFO     | main:lifespan:28 - 🛑 Database pool closed.
2026-05-01 07:56:03.031 | INFO     | __mp_main__:<module>:49 - app
2026-05-01 07:56:03.045 | INFO     | main:<module>:49 - app
2026-05-01 07:56:03.052 | INFO     | main:lifespan:23 - SELECT * FROM VI_SV_INFO_EQUIP_RSVR
WHERE SITE_SQ = :site_sq
ORDER BY EQUIP_NM

2026-05-01 07:56:03.052 | INFO     | main:lifespan:24 - 🚀 Database pool initialized and queries loaded.
2026-05-01 07:56:05.119 | ERROR    | core.logger:log_middleware:36 - IP: 127.0.0.1 | Method: GET | URL: /api/map_list | Error: [ValueError('dictionary update sequence element #0 has length 8; 2 is required'), TypeError('vars() argument must have __dict__ attribute')] | Time: 1.78ms
2026-05-01 07:56:51.371 | INFO     | main:lifespan:28 - 🛑 Database pool closed.
2026-05-01 07:56:51.790 | INFO     | __mp_main__:<module>:49 - app
2026-05-01 07:56:51.804 | INFO     | main:<module>:49 - app
2026-05-01 07:56:51.812 | INFO     | main:lifespan:23 - SELECT * FROM VI_SV_INFO_EQUIP_RSVR
WHERE SITE_SQ = :site_sq
ORDER BY EQUIP_NM

2026-05-01 07:56:51.812 | INFO     | main:lifespan:24 - 🚀 Database pool initialized and queries loaded.
2026-05-01 07:56:53.999 | ERROR    | core.logger:log_middleware:36 - IP: 127.0.0.1 | Method: GET | URL: /api/map_list | Error: [ValueError('dictionary update sequence element #0 has length 8; 2 is required'), TypeError('vars() argument must have __dict__ attribute')] | Time: 2.01ms
2026-05-01 07:57:19.246 | INFO     | main:lifespan:28 - 🛑 Database pool closed.
2026-05-01 07:57:19.693 | INFO     | __mp_main__:<module>:49 - app
2026-05-01 07:57:19.708 | INFO     | main:<module>:49 - app
2026-05-01 07:57:19.719 | INFO     | main:lifespan:23 - SELECT * FROM VI_SV_INFO_EQUIP_RSVR
WHERE SITE_SQ = :site_sq
ORDER BY EQUIP_NM

2026-05-01 07:57:19.719 | INFO     | main:lifespan:24 - 🚀 Database pool initialized and queries loaded.
2026-05-01 07:57:23.555 | INFO     | core.logger:log_middleware:28 - IP: 127.0.0.1 | Method: GET | URL: /api/map_list | Status: 200 | Time: 1.67ms
2026-05-01 07:57:40.300 | INFO     | main:lifespan:28 - 🛑 Database pool closed.
2026-05-01 07:57:40.717 | INFO     | __mp_main__:<module>:49 - app
2026-05-01 07:57:40.731 | INFO     | main:<module>:49 - app
2026-05-01 07:57:40.739 | INFO     | main:lifespan:23 - SELECT * FROM VI_SV_INFO_EQUIP_RSVR
WHERE SITE_SQ = :site_sq
ORDER BY EQUIP_NM

2026-05-01 07:57:40.739 | INFO     | main:lifespan:24 - 🚀 Database pool initialized and queries loaded.
2026-05-01 07:57:45.772 | INFO     | core.logger:log_middleware:28 - IP: 127.0.0.1 | Method: GET | URL: /api/map_list | Status: 200 | Time: 2.00ms
2026-05-01 08:01:01.300 | INFO     | main:lifespan:28 - 🛑 Database pool closed.
2026-05-01 08:01:01.739 | INFO     | __mp_main__:<module>:49 - app
2026-05-01 08:01:01.756 | INFO     | main:<module>:49 - app
2026-05-01 08:01:01.764 | INFO     | main:lifespan:23 - SELECT * FROM VI_SV_INFO_EQUIP_RSVR
WHERE SITE_SQ = :site_sq
ORDER BY EQUIP_NM

2026-05-01 08:01:01.765 | INFO     | main:lifespan:24 - 🚀 Database pool initialized and queries loaded.
2026-05-01 08:01:03.980 | INFO     | core.logger:log_middleware:28 - IP: 127.0.0.1 | Method: GET | URL: /docs | Status: 200 | Time: 0.54ms
2026-05-01 08:01:04.032 | INFO     | core.logger:log_middleware:28 - IP: 127.0.0.1 | Method: GET | URL: /openapi.json | Status: 200 | Time: 1.77ms
2026-05-01 08:01:08.638 | INFO     | core.logger:log_middleware:28 - IP: 127.0.0.1 | Method: GET | URL: /api/list | Status: 200 | Time: 1.62ms
2026-05-01 08:01:28.561 | INFO     | core.logger:log_middleware:28 - IP: 127.0.0.1 | Method: GET | URL: /api/info/equip/rsvr_list_by_site_sq | Status: 200 | Time: 0.83ms
2026-05-01 08:03:28.135 | INFO     | main:lifespan:28 - 🛑 Database pool closed.
2026-05-01 08:03:28.619 | INFO     | __mp_main__:<module>:49 - app
2026-05-01 08:03:28.634 | INFO     | main:<module>:49 - app
2026-05-01 08:03:28.643 | INFO     | main:lifespan:23 - SELECT * FROM VI_SV_INFO_EQUIP_RSVR
WHERE SITE_SQ = :site_sq
ORDER BY EQUIP_NM

2026-05-01 08:03:28.644 | INFO     | main:lifespan:24 - 🚀 Database pool initialized and queries loaded.
2026-05-01 08:03:39.453 | INFO     | core.logger:log_middleware:28 - IP: 127.0.0.1 | Method: GET | URL: /api/info/equip/rsvr_list_by_site_sq | Status: 200 | Time: 1.87ms
2026-05-01 08:04:09.361 | INFO     | core.logger:log_middleware:28 - IP: 127.0.0.1 | Method: GET | URL: /api/info/equip/rsvr_current_by_point_sq | Status: 200 | Time: 1.37ms
2026-05-01 08:04:25.482 | INFO     | core.logger:log_middleware:28 - IP: 127.0.0.1 | Method: GET | URL: /api/info/user/get_user | Status: 200 | Time: 0.79ms
2026-05-01 08:05:14.226 | INFO     | main:lifespan:28 - 🛑 Database pool closed.
2026-05-01 08:05:14.674 | INFO     | __mp_main__:<module>:49 - app
2026-05-01 08:05:14.693 | INFO     | main:<module>:49 - app
2026-05-01 08:05:14.697 | INFO     | core.query_loader:load_queries:11 - ###### load queries ######
2026-05-01 08:05:14.699 | INFO     | core.query_loader:load_queries:14 - /home/mywsl/istec/irews_new/resource/user.yaml
2026-05-01 08:05:14.701 | INFO     | core.query_loader:load_queries:14 - /home/mywsl/istec/irews_new/resource/auth.yaml
2026-05-01 08:05:14.702 | INFO     | core.query_loader:load_queries:14 - /home/mywsl/istec/irews_new/resource/equip.yaml
2026-05-01 08:05:14.703 | INFO     | core.query_loader:load_queries:17 - {'user': {'get_user': {'desc': {'params': 'user_id(str)\n', 'result': '사용자 아이디의 사용자 정보\n'}, 'query': 'SELECT GROUP_SQ, SITE_SQ, USER_SQ, ROLL_CD, USER_NM,\nFROM TB_M1_INFO_USER_BASE\nWHERE USER_ID  = :user_id\n'}, 'update_last_login': {'desc': {'params': 'user_id(str)\n', 'result': '사용자 아이디의 접속 시간 업데이트\n'}, 'query': 'UPDATE users \nSET last_login = SYSDATE \nWHERE id = :user_id'}}, 'auth': {'find_user': {'desc': {'params': 'user_id(str)\n', 'result': '사용자 아이디에 대한 사용자 정보\n'}, 'query': 'SELECT USER_ID, USER_PWD, USER_NM, GROUP_SQ, SITE_SQ, USER_SQ, ROLL_CD\nFROM TB_M1_INFO_USER_BASE\nWHERE USER_ID  = :user_id'}}, 'equip': {'rsvr_list_by_site_sq': {'desc': {'params': 'site_sq(str)\n', 'result': '사이트 시퀀스의 설비 정보\n'}, 'query': 'SELECT * FROM VI_SV_INFO_EQUIP_RSVR\nWHERE SITE_SQ = :site_sq\nORDER BY EQUIP_NM\n'}, 'rsvr_current_list_by_site_sq': {'desc': {'params': 'site_sq(str)\n', 'result': '사이트 시퀀스의 실시간 설비 정보\n'}, 'query': 'SELECT * FROM VI_SV_MEAS_EQUIP_RSVR_C\nWHERE SITE_SQ = :site_sq\nORDER BY EQUIP_NM\n'}, 'rsvr_current_by_point_sq': {'desc': {'params': 'point_sq(str)\n', 'result': '포인트 시퀀스의 실시간 설비 정보\n'}, 'query': 'SELECT * FROM VI_SV_MEAS_EQUIP_RSVR_C\nWHERE POINT_SQ = :point_sq'}}}
2026-05-01 08:05:14.704 | INFO     | core.query_loader:load_queries:18 - ###### load queries ######
2026-05-01 08:05:14.704 | INFO     | main:lifespan:23 - SELECT * FROM VI_SV_INFO_EQUIP_RSVR
WHERE SITE_SQ = :site_sq
ORDER BY EQUIP_NM

2026-05-01 08:05:14.704 | INFO     | main:lifespan:24 - 🚀 Database pool initialized and queries loaded.
2026-05-01 08:16:25.130 | INFO     | main:lifespan:28 - 🛑 Database pool closed.
2026-05-01 08:16:25.571 | INFO     | __mp_main__:<module>:49 - app
2026-05-01 08:16:25.586 | INFO     | main:<module>:49 - app
2026-05-01 08:16:25.590 | INFO     | core.query_loader:load_queries:11 - ###### load queries ######
2026-05-01 08:16:25.591 | INFO     | core.query_loader:load_queries:14 - /home/mywsl/istec/irews_new/resource/user.yaml
2026-05-01 08:16:25.592 | INFO     | core.query_loader:load_queries:14 - /home/mywsl/istec/irews_new/resource/auth.yaml
2026-05-01 08:16:25.594 | INFO     | core.query_loader:load_queries:14 - /home/mywsl/istec/irews_new/resource/equip.yaml
2026-05-01 08:16:25.595 | INFO     | core.query_loader:load_queries:17 - {'user': {'get_user': {'desc': {'params': 'user_id(str)\n', 'result': '사용자 아이디의 사용자 정보\n'}, 'query': 'SELECT GROUP_SQ, SITE_SQ, USER_SQ, ROLL_CD, USER_NM,\nFROM TB_M1_INFO_USER_BASE\nWHERE USER_ID  = :user_id\n'}, 'update_last_login': {'desc': {'params': 'user_id(str)\n', 'result': '사용자 아이디의 접속 시간 업데이트\n'}, 'query': 'UPDATE users \nSET last_login = SYSDATE \nWHERE id = :user_id'}}, 'auth': {'find_user': {'desc': {'params': 'user_id(str)\n', 'result': '사용자 아이디에 대한 사용자 정보\n'}, 'query': 'SELECT USER_ID, USER_PWD, USER_NM, GROUP_SQ, SITE_SQ, USER_SQ, ROLL_CD\nFROM TB_M1_INFO_USER_BASE\nWHERE USER_ID  = :user_id'}}, 'equip': {'rsvr_list_by_site_sq': {'desc': {'params': 'site_sq(str)\n', 'result': '사이트 시퀀스의 설비 정보\n'}, 'query': 'SELECT * FROM VI_SV_INFO_EQUIP_RSVR\nWHERE SITE_SQ = :site_sq\nORDER BY EQUIP_NM\n'}, 'rsvr_current_list_by_site_sq': {'desc': {'params': 'site_sq(str)\n', 'result': '사이트 시퀀스의 실시간 설비 정보\n'}, 'query': 'SELECT * FROM VI_SV_MEAS_EQUIP_RSVR_C\nWHERE SITE_SQ = :site_sq\nORDER BY EQUIP_NM\n'}, 'rsvr_current_by_point_sq': {'desc': {'params': 'point_sq(str)\n', 'result': '포인트 시퀀스의 실시간 설비 정보\n'}, 'query': 'SELECT * FROM VI_SV_MEAS_EQUIP_RSVR_C\nWHERE POINT_SQ = :point_sq'}}}
2026-05-01 08:16:25.596 | INFO     | core.query_loader:load_queries:18 - ###### load queries ######
2026-05-01 08:16:25.596 | INFO     | main:lifespan:23 - SELECT * FROM VI_SV_INFO_EQUIP_RSVR
WHERE SITE_SQ = :site_sq
ORDER BY EQUIP_NM

2026-05-01 08:16:25.596 | INFO     | main:lifespan:24 - 🚀 Database pool initialized and queries loaded.
2026-05-01 08:18:05.912 | INFO     | main:lifespan:28 - 🛑 Database pool closed.
2026-05-01 08:18:06.338 | INFO     | __mp_main__:<module>:49 - app
2026-05-01 08:18:06.352 | INFO     | main:<module>:49 - app
2026-05-01 08:18:06.356 | INFO     | core.query_loader:load_queries:11 - ###### load queries ######
2026-05-01 08:18:06.357 | INFO     | core.query_loader:load_queries:14 - /home/mywsl/istec/irews_new/resource/user.yaml
2026-05-01 08:18:06.358 | INFO     | core.query_loader:load_queries:14 - /home/mywsl/istec/irews_new/resource/auth.yaml
2026-05-01 08:18:06.359 | INFO     | core.query_loader:load_queries:14 - /home/mywsl/istec/irews_new/resource/equip.yaml
2026-05-01 08:18:06.362 | INFO     | core.query_loader:load_queries:17 - {'user': {'get_user': {'desc': {'params': 'user_id(str)\n', 'result': '사용자 아이디의 사용자 정보\n'}, 'query': 'SELECT GROUP_SQ, SITE_SQ, USER_SQ, ROLL_CD, USER_NM,\nFROM TB_M1_INFO_USER_BASE\nWHERE USER_ID  = :user_id\n'}, 'update_last_login': {'desc': {'params': 'user_id(str)\n', 'result': '사용자 아이디의 접속 시간 업데이트\n'}, 'query': 'UPDATE users \nSET last_login = SYSDATE \nWHERE id = :user_id'}}, 'auth': {'find_user': {'desc': {'params': 'user_id(str)\n', 'result': '사용자 아이디에 대한 사용자 정보\n'}, 'query': 'SELECT USER_ID, USER_PWD, USER_NM, GROUP_SQ, SITE_SQ, USER_SQ, ROLL_CD\nFROM TB_M1_INFO_USER_BASE\nWHERE USER_ID  = :user_id'}}, 'equip': {'rsvr_list_by_site_sq': {'desc': {'params': 'site_sq(str)\n', 'result': '사이트 시퀀스의 설비 정보\n'}, 'query': 'SELECT * FROM VI_SV_INFO_EQUIP_RSVR\nWHERE SITE_SQ = :site_sq\nORDER BY EQUIP_NM\n'}, 'rsvr_current_list_by_site_sq': {'desc': {'params': 'site_sq(str)\n', 'result': '사이트 시퀀스의 실시간 설비 정보\n'}, 'query': 'SELECT * FROM VI_SV_MEAS_EQUIP_RSVR_C\nWHERE SITE_SQ = :site_sq\nORDER BY EQUIP_NM\n'}, 'rsvr_current_by_point_sq': {'desc': {'params': 'point_sq(str)\n', 'result': '포인트 시퀀스의 실시간 설비 정보\n'}, 'query': 'SELECT * FROM VI_SV_MEAS_EQUIP_RSVR_C\nWHERE POINT_SQ = :point_sq'}}}
2026-05-01 08:18:06.362 | INFO     | core.query_loader:load_queries:18 - ###### load queries ######
2026-05-01 08:18:06.362 | INFO     | main:lifespan:23 - SELECT * FROM VI_SV_INFO_EQUIP_RSVR
WHERE SITE_SQ = :site_sq
ORDER BY EQUIP_NM

2026-05-01 08:18:06.362 | INFO     | main:lifespan:24 - 🚀 Database pool initialized and queries loaded.
2026-05-01 08:26:21.935 | INFO     | main:lifespan:28 - 🛑 Database pool closed.
2026-05-01 08:26:22.398 | INFO     | __mp_main__:<module>:49 - app
2026-05-01 08:26:22.414 | INFO     | main:<module>:49 - app
2026-05-01 08:26:22.419 | INFO     | core.query_loader:load_queries:11 - ###### load queries ######
2026-05-01 08:26:22.420 | INFO     | core.query_loader:load_queries:14 - /home/mywsl/istec/irews_new/resource/user.yaml
2026-05-01 08:26:22.422 | INFO     | core.query_loader:load_queries:14 - /home/mywsl/istec/irews_new/resource/auth.yaml
2026-05-01 08:26:22.423 | INFO     | core.query_loader:load_queries:14 - /home/mywsl/istec/irews_new/resource/equip.yaml
2026-05-01 08:26:22.424 | INFO     | core.query_loader:load_queries:17 - {'user': {'get_user': {'desc': {'params': 'user_id(str)\n', 'result': '사용자 아이디의 사용자 정보\n'}, 'query': 'SELECT GROUP_SQ, SITE_SQ, USER_SQ, ROLL_CD, USER_NM,\nFROM TB_M1_INFO_USER_BASE\nWHERE USER_ID  = :user_id\n'}, 'update_last_login': {'desc': {'params': 'user_id(str)\n', 'result': '사용자 아이디의 접속 시간 업데이트\n'}, 'query': 'UPDATE users \nSET last_login = SYSDATE \nWHERE id = :user_id'}}, 'auth': {'find_user': {'desc': {'params': 'user_id(str)\n', 'result': '사용자 아이디에 대한 사용자 정보\n'}, 'query': 'SELECT USER_ID, USER_PWD, USER_NM, GROUP_SQ, SITE_SQ, USER_SQ, ROLL_CD\nFROM TB_M1_INFO_USER_BASE\nWHERE USER_ID  = :user_id'}}, 'equip': {'rsvr_list_by_site_sq': {'desc': {'params': 'site_sq(str)\n', 'result': '사이트 시퀀스의 설비 정보\n'}, 'query': 'SELECT * FROM VI_SV_INFO_EQUIP_RSVR\nWHERE SITE_SQ = :site_sq\nORDER BY EQUIP_NM\n'}, 'rsvr_current_list_by_site_sq': {'desc': {'params': 'site_sq(str)\n', 'result': '사이트 시퀀스의 실시간 설비 정보\n'}, 'query': 'SELECT * FROM VI_SV_MEAS_EQUIP_RSVR_C\nWHERE SITE_SQ = :site_sq\nORDER BY EQUIP_NM\n'}, 'rsvr_current_by_point_sq': {'desc': {'params': 'point_sq(str)\n', 'result': '포인트 시퀀스의 실시간 설비 정보\n'}, 'query': 'SELECT * FROM VI_SV_MEAS_EQUIP_RSVR_C\nWHERE POINT_SQ = :point_sq'}}}
2026-05-01 08:26:22.425 | INFO     | core.query_loader:load_queries:18 - ###### load queries ######
2026-05-01 08:26:22.425 | INFO     | main:lifespan:23 - SELECT * FROM VI_SV_INFO_EQUIP_RSVR
WHERE SITE_SQ = :site_sq
ORDER BY EQUIP_NM

2026-05-01 08:26:22.425 | INFO     | main:lifespan:24 - 🚀 Database pool initialized and queries loaded.
2026-05-01 08:27:33.306 | INFO     | main:lifespan:28 - 🛑 Database pool closed.
2026-05-01 08:27:33.766 | INFO     | __mp_main__:<module>:49 - app
2026-05-01 08:27:33.781 | INFO     | main:<module>:49 - app
2026-05-01 08:27:33.784 | INFO     | core.query_loader:load_queries:11 - ###### load queries ######
2026-05-01 08:27:33.786 | INFO     | core.query_loader:load_queries:14 - /home/mywsl/istec/irews_new/resource/user.yaml
2026-05-01 08:27:33.788 | INFO     | core.query_loader:load_queries:14 - /home/mywsl/istec/irews_new/resource/auth.yaml
2026-05-01 08:27:33.789 | INFO     | core.query_loader:load_queries:14 - /home/mywsl/istec/irews_new/resource/equip.yaml
2026-05-01 08:27:33.790 | INFO     | core.query_loader:load_queries:17 - {'user': {'get_user': {'desc': {'params': 'user_id(str)\n', 'result': '사용자 아이디의 사용자 정보\n'}, 'query': 'SELECT GROUP_SQ, SITE_SQ, USER_SQ, ROLL_CD, USER_NM,\nFROM TB_M1_INFO_USER_BASE\nWHERE USER_ID  = :user_id\n'}, 'update_last_login': {'desc': {'params': 'user_id(str)\n', 'result': '사용자 아이디의 접속 시간 업데이트\n'}, 'query': 'UPDATE users \nSET last_login = SYSDATE \nWHERE id = :user_id'}}, 'auth': {'find_user': {'desc': {'params': 'user_id(str)\n', 'result': '사용자 아이디에 대한 사용자 정보\n'}, 'query': 'SELECT USER_ID, USER_PWD, USER_NM, GROUP_SQ, SITE_SQ, USER_SQ, ROLL_CD\nFROM TB_M1_INFO_USER_BASE\nWHERE USER_ID  = :user_id'}}, 'equip': {'rsvr_list_by_site_sq': {'desc': {'params': 'site_sq(str)\n', 'result': '사이트 시퀀스의 설비 정보\n'}, 'query': 'SELECT * FROM VI_SV_INFO_EQUIP_RSVR\nWHERE SITE_SQ = :site_sq\nORDER BY EQUIP_NM\n'}, 'rsvr_current_list_by_site_sq': {'desc': {'params': 'site_sq(str)\n', 'result': '사이트 시퀀스의 실시간 설비 정보\n'}, 'query': 'SELECT * FROM VI_SV_MEAS_EQUIP_RSVR_C\nWHERE SITE_SQ = :site_sq\nORDER BY EQUIP_NM\n'}, 'rsvr_current_by_point_sq': {'desc': {'params': 'point_sq(str)\n', 'result': '포인트 시퀀스의 실시간 설비 정보\n'}, 'query': 'SELECT * FROM VI_SV_MEAS_EQUIP_RSVR_C\nWHERE POINT_SQ = :point_sq'}}}
2026-05-01 08:27:33.790 | INFO     | core.query_loader:load_queries:18 - ###### load queries ######
2026-05-01 08:27:33.790 | INFO     | main:lifespan:23 - SELECT * FROM VI_SV_INFO_EQUIP_RSVR
WHERE SITE_SQ = :site_sq
ORDER BY EQUIP_NM

2026-05-01 08:27:33.790 | INFO     | main:lifespan:24 - 🚀 Database pool initialized and queries loaded.
2026-05-01 08:28:11.453 | INFO     | main:lifespan:28 - 🛑 Database pool closed.
2026-05-01 08:42:16.621 | INFO     | __mp_main__:<module>:48 - app
2026-05-01 08:42:16.638 | INFO     | main:<module>:48 - app
2026-05-01 08:42:16.644 | INFO     | core.query_loader:load_queries:11 - ###### load queries ######
2026-05-01 08:42:16.646 | INFO     | core.query_loader:load_queries:14 - /home/mywsl/istec/irews_new/resource/user.yaml
2026-05-01 08:42:16.648 | INFO     | core.query_loader:load_queries:14 - /home/mywsl/istec/irews_new/resource/auth.yaml
2026-05-01 08:42:16.649 | INFO     | core.query_loader:load_queries:14 - /home/mywsl/istec/irews_new/resource/equip.yaml
2026-05-01 08:42:16.650 | INFO     | core.query_loader:load_queries:17 - {'user': {'get_user': {'desc': {'params': 'user_id(str)\n', 'result': '사용자 아이디의 사용자 정보\n'}, 'query': 'SELECT GROUP_SQ, SITE_SQ, USER_SQ, ROLL_CD, USER_NM,\nFROM TB_M1_INFO_USER_BASE\nWHERE USER_ID  = :user_id\n'}, 'update_last_login': {'desc': {'params': 'user_id(str)\n', 'result': '사용자 아이디의 접속 시간 업데이트\n'}, 'query': 'UPDATE users \nSET last_login = SYSDATE \nWHERE id = :user_id'}}, 'auth': {'find_user': {'desc': {'params': 'user_id(str)\n', 'result': '사용자 아이디에 대한 사용자 정보\n'}, 'query': 'SELECT USER_ID, USER_PWD, USER_NM, GROUP_SQ, SITE_SQ, USER_SQ, ROLL_CD\nFROM TB_M1_INFO_USER_BASE\nWHERE USER_ID  = :user_id'}}, 'equip': {'rsvr_list_by_site_sq': {'desc': {'params': 'site_sq(str)\n', 'result': '사이트 시퀀스의 설비 정보\n'}, 'query': 'SELECT * FROM VI_SV_INFO_EQUIP_RSVR\nWHERE SITE_SQ = :site_sq\nORDER BY EQUIP_NM\n'}, 'rsvr_current_list_by_site_sq': {'desc': {'params': 'site_sq(str)\n', 'result': '사이트 시퀀스의 실시간 설비 정보\n'}, 'query': 'SELECT * FROM VI_SV_MEAS_EQUIP_RSVR_C\nWHERE SITE_SQ = :site_sq\nORDER BY EQUIP_NM\n'}, 'rsvr_current_by_point_sq': {'desc': {'params': 'point_sq(str)\n', 'result': '포인트 시퀀스의 실시간 설비 정보\n'}, 'query': 'SELECT * FROM VI_SV_MEAS_EQUIP_RSVR_C\nWHERE POINT_SQ = :point_sq'}}}
2026-05-01 08:42:16.650 | INFO     | core.query_loader:load_queries:18 - ###### load queries ######
2026-05-01 08:42:16.650 | INFO     | main:lifespan:22 - SELECT * FROM VI_SV_INFO_EQUIP_RSVR
WHERE SITE_SQ = :site_sq
ORDER BY EQUIP_NM

2026-05-01 08:42:16.651 | INFO     | main:lifespan:23 - 🚀 Database pool initialized and queries loaded.
2026-05-01 08:42:16.656 | INFO     | core.logger:log_middleware:28 - IP: 127.0.0.1 | Method: GET | URL: /docs | Status: 200 | Time: 0.43ms
2026-05-01 08:42:16.732 | INFO     | core.logger:log_middleware:28 - IP: 127.0.0.1 | Method: GET | URL: /openapi.json | Status: 200 | Time: 7.51ms
2026-05-01 08:42:25.222 | INFO     | core.logger:log_middleware:28 - IP: 127.0.0.1 | Method: GET | URL: /docs | Status: 200 | Time: 0.32ms
2026-05-01 08:42:25.255 | INFO     | core.logger:log_middleware:28 - IP: 127.0.0.1 | Method: GET | URL: /openapi.json | Status: 200 | Time: 0.23ms
2026-05-01 08:42:55.375 | ERROR    | core.jwt_handler:verify_password:58 - Verification error: hash could not be identified
2026-05-01 08:42:55.375 | WARNING  | api.auth_api:login:27 - Login failed: Incorrect password for user admin_user
2026-05-01 08:42:55.375 | INFO     | core.logger:log_middleware:28 - IP: 127.0.0.1 | Method: POST | URL: /auth/token | Status: 401 | Time: 3.15ms
2026-05-01 08:44:52.206 | INFO     | main:lifespan:27 - 🛑 Database pool closed.
2026-05-01 08:44:52.663 | INFO     | __mp_main__:<module>:48 - app
2026-05-01 08:44:52.680 | INFO     | main:<module>:48 - app
2026-05-01 08:44:52.687 | INFO     | core.query_loader:load_queries:11 - ###### load queries ######
2026-05-01 08:44:52.689 | INFO     | core.query_loader:load_queries:14 - /home/mywsl/istec/irews_new/resource/user.yaml
2026-05-01 08:44:52.690 | INFO     | core.query_loader:load_queries:14 - /home/mywsl/istec/irews_new/resource/auth.yaml
2026-05-01 08:44:52.690 | INFO     | core.query_loader:load_queries:14 - /home/mywsl/istec/irews_new/resource/equip.yaml
2026-05-01 08:44:52.691 | INFO     | core.query_loader:load_queries:17 - {'user': {'get_user': {'desc': {'params': 'user_id(str)\n', 'result': '사용자 아이디의 사용자 정보\n'}, 'query': 'SELECT GROUP_SQ, SITE_SQ, USER_SQ, ROLL_CD, USER_NM,\nFROM TB_M1_INFO_USER_BASE\nWHERE USER_ID  = :user_id\n'}, 'update_last_login': {'desc': {'params': 'user_id(str)\n', 'result': '사용자 아이디의 접속 시간 업데이트\n'}, 'query': 'UPDATE users \nSET last_login = SYSDATE \nWHERE id = :user_id'}}, 'auth': {'find_user': {'desc': {'params': 'user_id(str)\n', 'result': '사용자 아이디에 대한 사용자 정보\n'}, 'query': 'SELECT USER_ID, USER_PWD, USER_NM, GROUP_SQ, SITE_SQ, USER_SQ, ROLL_CD\nFROM TB_M1_INFO_USER_BASE\nWHERE USER_ID  = :user_id'}}, 'equip': {'rsvr_list_by_site_sq': {'desc': {'params': 'site_sq(str)\n', 'result': '사이트 시퀀스의 설비 정보\n'}, 'query': 'SELECT * FROM VI_SV_INFO_EQUIP_RSVR\nWHERE SITE_SQ = :site_sq\nORDER BY EQUIP_NM\n'}, 'rsvr_current_list_by_site_sq': {'desc': {'params': 'site_sq(str)\n', 'result': '사이트 시퀀스의 실시간 설비 정보\n'}, 'query': 'SELECT * FROM VI_SV_MEAS_EQUIP_RSVR_C\nWHERE SITE_SQ = :site_sq\nORDER BY EQUIP_NM\n'}, 'rsvr_current_by_point_sq': {'desc': {'params': 'point_sq(str)\n', 'result': '포인트 시퀀스의 실시간 설비 정보\n'}, 'query': 'SELECT * FROM VI_SV_MEAS_EQUIP_RSVR_C\nWHERE POINT_SQ = :point_sq'}}}
2026-05-01 08:44:52.692 | INFO     | core.query_loader:load_queries:18 - ###### load queries ######
2026-05-01 08:44:52.692 | INFO     | main:lifespan:22 - SELECT * FROM VI_SV_INFO_EQUIP_RSVR
WHERE SITE_SQ = :site_sq
ORDER BY EQUIP_NM

2026-05-01 08:44:52.692 | INFO     | main:lifespan:23 - 🚀 Database pool initialized and queries loaded.
2026-05-01 08:44:58.724 | ERROR    | core.jwt_handler:verify_password:58 - Verification error: hash could not be identified
2026-05-01 08:44:58.725 | WARNING  | api.auth_api:login:27 - Login failed: Incorrect password for user admin_user
2026-05-01 08:44:58.725 | INFO     | core.logger:log_middleware:28 - IP: 127.0.0.1 | Method: POST | URL: /auth/token | Status: 401 | Time: 3.29ms
2026-05-01 08:46:26.268 | INFO     | main:lifespan:27 - 🛑 Database pool closed.
2026-05-01 08:46:26.828 | INFO     | __mp_main__:<module>:48 - app
2026-05-01 08:46:26.849 | INFO     | main:<module>:48 - app
2026-05-01 08:46:26.855 | INFO     | core.query_loader:load_queries:11 - ###### load queries ######
2026-05-01 08:46:26.858 | INFO     | core.query_loader:load_queries:14 - /home/mywsl/istec/irews_new/resource/user.yaml
2026-05-01 08:46:26.859 | INFO     | core.query_loader:load_queries:14 - /home/mywsl/istec/irews_new/resource/auth.yaml
2026-05-01 08:46:26.860 | INFO     | core.query_loader:load_queries:14 - /home/mywsl/istec/irews_new/resource/equip.yaml
2026-05-01 08:46:26.861 | INFO     | core.query_loader:load_queries:17 - {'user': {'get_user': {'desc': {'params': 'user_id(str)\n', 'result': '사용자 아이디의 사용자 정보\n'}, 'query': 'SELECT GROUP_SQ, SITE_SQ, USER_SQ, ROLL_CD, USER_NM,\nFROM TB_M1_INFO_USER_BASE\nWHERE USER_ID  = :user_id\n'}, 'update_last_login': {'desc': {'params': 'user_id(str)\n', 'result': '사용자 아이디의 접속 시간 업데이트\n'}, 'query': 'UPDATE users \nSET last_login = SYSDATE \nWHERE id = :user_id'}}, 'auth': {'find_user': {'desc': {'params': 'user_id(str)\n', 'result': '사용자 아이디에 대한 사용자 정보\n'}, 'query': 'SELECT USER_ID, USER_PWD, USER_NM, GROUP_SQ, SITE_SQ, USER_SQ, ROLL_CD\nFROM TB_M1_INFO_USER_BASE\nWHERE USER_ID  = :user_id'}}, 'equip': {'rsvr_list_by_site_sq': {'desc': {'params': 'site_sq(str)\n', 'result': '사이트 시퀀스의 설비 정보\n'}, 'query': 'SELECT * FROM VI_SV_INFO_EQUIP_RSVR\nWHERE SITE_SQ = :site_sq\nORDER BY EQUIP_NM\n'}, 'rsvr_current_list_by_site_sq': {'desc': {'params': 'site_sq(str)\n', 'result': '사이트 시퀀스의 실시간 설비 정보\n'}, 'query': 'SELECT * FROM VI_SV_MEAS_EQUIP_RSVR_C\nWHERE SITE_SQ = :site_sq\nORDER BY EQUIP_NM\n'}, 'rsvr_current_by_point_sq': {'desc': {'params': 'point_sq(str)\n', 'result': '포인트 시퀀스의 실시간 설비 정보\n'}, 'query': 'SELECT * FROM VI_SV_MEAS_EQUIP_RSVR_C\nWHERE POINT_SQ = :point_sq'}}}
2026-05-01 08:46:26.861 | INFO     | core.query_loader:load_queries:18 - ###### load queries ######
2026-05-01 08:46:26.861 | INFO     | main:lifespan:22 - SELECT * FROM VI_SV_INFO_EQUIP_RSVR
WHERE SITE_SQ = :site_sq
ORDER BY EQUIP_NM

2026-05-01 08:46:26.861 | INFO     | main:lifespan:23 - 🚀 Database pool initialized and queries loaded.
2026-05-01 08:46:37.267 | ERROR    | core.jwt_handler:verify_password:58 - Verification error: hash could not be identified
2026-05-01 08:46:37.268 | WARNING  | api.auth_api:login:27 - Login failed: Incorrect password for user admin_user
2026-05-01 08:46:37.268 | INFO     | core.logger:log_middleware:28 - IP: 127.0.0.1 | Method: POST | URL: /auth/token | Status: 401 | Time: 3.17ms
2026-05-01 08:48:31.561 | INFO     | main:lifespan:27 - 🛑 Database pool closed.
2026-05-01 08:48:31.994 | INFO     | __mp_main__:<module>:48 - app
2026-05-01 08:48:32.010 | INFO     | main:<module>:48 - app
2026-05-01 08:48:32.016 | INFO     | core.query_loader:load_queries:11 - ###### load queries ######
2026-05-01 08:48:32.016 | INFO     | core.query_loader:load_queries:14 - /home/mywsl/istec/irews_new/resource/user.yaml
2026-05-01 08:48:32.018 | INFO     | core.query_loader:load_queries:14 - /home/mywsl/istec/irews_new/resource/auth.yaml
2026-05-01 08:48:32.019 | INFO     | core.query_loader:load_queries:14 - /home/mywsl/istec/irews_new/resource/equip.yaml
2026-05-01 08:48:32.020 | INFO     | core.query_loader:load_queries:17 - {'user': {'get_user': {'desc': {'params': 'user_id(str)\n', 'result': '사용자 아이디의 사용자 정보\n'}, 'query': 'SELECT GROUP_SQ, SITE_SQ, USER_SQ, ROLL_CD, USER_NM,\nFROM TB_M1_INFO_USER_BASE\nWHERE USER_ID  = :user_id\n'}, 'update_last_login': {'desc': {'params': 'user_id(str)\n', 'result': '사용자 아이디의 접속 시간 업데이트\n'}, 'query': 'UPDATE users \nSET last_login = SYSDATE \nWHERE id = :user_id'}}, 'auth': {'find_user': {'desc': {'params': 'user_id(str)\n', 'result': '사용자 아이디에 대한 사용자 정보\n'}, 'query': 'SELECT USER_ID, USER_PWD, USER_NM, GROUP_SQ, SITE_SQ, USER_SQ, ROLL_CD\nFROM TB_M1_INFO_USER_BASE\nWHERE USER_ID  = :user_id'}}, 'equip': {'rsvr_list_by_site_sq': {'desc': {'params': 'site_sq(str)\n', 'result': '사이트 시퀀스의 설비 정보\n'}, 'query': 'SELECT * FROM VI_SV_INFO_EQUIP_RSVR\nWHERE SITE_SQ = :site_sq\nORDER BY EQUIP_NM\n'}, 'rsvr_current_list_by_site_sq': {'desc': {'params': 'site_sq(str)\n', 'result': '사이트 시퀀스의 실시간 설비 정보\n'}, 'query': 'SELECT * FROM VI_SV_MEAS_EQUIP_RSVR_C\nWHERE SITE_SQ = :site_sq\nORDER BY EQUIP_NM\n'}, 'rsvr_current_by_point_sq': {'desc': {'params': 'point_sq(str)\n', 'result': '포인트 시퀀스의 실시간 설비 정보\n'}, 'query': 'SELECT * FROM VI_SV_MEAS_EQUIP_RSVR_C\nWHERE POINT_SQ = :point_sq'}}}
2026-05-01 08:48:32.020 | INFO     | core.query_loader:load_queries:18 - ###### load queries ######
2026-05-01 08:48:32.020 | INFO     | main:lifespan:22 - SELECT * FROM VI_SV_INFO_EQUIP_RSVR
WHERE SITE_SQ = :site_sq
ORDER BY EQUIP_NM

2026-05-01 08:48:32.021 | INFO     | main:lifespan:23 - 🚀 Database pool initialized and queries loaded.
2026-05-01 08:48:34.041 | ERROR    | core.logger:log_middleware:36 - IP: 127.0.0.1 | Method: POST | URL: /auth/token | Error: password cannot be longer than 72 bytes, truncate manually if necessary (e.g. my_password[:72]) | Time: 7.03ms
2026-05-01 08:48:42.764 | INFO     | main:lifespan:27 - 🛑 Database pool closed.
2026-05-01 08:48:43.287 | INFO     | __mp_main__:<module>:48 - app
2026-05-01 08:48:43.305 | INFO     | main:<module>:48 - app
2026-05-01 08:48:43.314 | INFO     | core.query_loader:load_queries:11 - ###### load queries ######
2026-05-01 08:48:43.315 | INFO     | core.query_loader:load_queries:14 - /home/mywsl/istec/irews_new/resource/user.yaml
2026-05-01 08:48:43.317 | INFO     | core.query_loader:load_queries:14 - /home/mywsl/istec/irews_new/resource/auth.yaml
2026-05-01 08:48:43.317 | INFO     | core.query_loader:load_queries:14 - /home/mywsl/istec/irews_new/resource/equip.yaml
2026-05-01 08:48:43.319 | INFO     | core.query_loader:load_queries:17 - {'user': {'get_user': {'desc': {'params': 'user_id(str)\n', 'result': '사용자 아이디의 사용자 정보\n'}, 'query': 'SELECT GROUP_SQ, SITE_SQ, USER_SQ, ROLL_CD, USER_NM,\nFROM TB_M1_INFO_USER_BASE\nWHERE USER_ID  = :user_id\n'}, 'update_last_login': {'desc': {'params': 'user_id(str)\n', 'result': '사용자 아이디의 접속 시간 업데이트\n'}, 'query': 'UPDATE users \nSET last_login = SYSDATE \nWHERE id = :user_id'}}, 'auth': {'find_user': {'desc': {'params': 'user_id(str)\n', 'result': '사용자 아이디에 대한 사용자 정보\n'}, 'query': 'SELECT USER_ID, USER_PWD, USER_NM, GROUP_SQ, SITE_SQ, USER_SQ, ROLL_CD\nFROM TB_M1_INFO_USER_BASE\nWHERE USER_ID  = :user_id'}}, 'equip': {'rsvr_list_by_site_sq': {'desc': {'params': 'site_sq(str)\n', 'result': '사이트 시퀀스의 설비 정보\n'}, 'query': 'SELECT * FROM VI_SV_INFO_EQUIP_RSVR\nWHERE SITE_SQ = :site_sq\nORDER BY EQUIP_NM\n'}, 'rsvr_current_list_by_site_sq': {'desc': {'params': 'site_sq(str)\n', 'result': '사이트 시퀀스의 실시간 설비 정보\n'}, 'query': 'SELECT * FROM VI_SV_MEAS_EQUIP_RSVR_C\nWHERE SITE_SQ = :site_sq\nORDER BY EQUIP_NM\n'}, 'rsvr_current_by_point_sq': {'desc': {'params': 'point_sq(str)\n', 'result': '포인트 시퀀스의 실시간 설비 정보\n'}, 'query': 'SELECT * FROM VI_SV_MEAS_EQUIP_RSVR_C\nWHERE POINT_SQ = :point_sq'}}}
2026-05-01 08:48:43.319 | INFO     | core.query_loader:load_queries:18 - ###### load queries ######
2026-05-01 08:48:43.319 | INFO     | main:lifespan:22 - SELECT * FROM VI_SV_INFO_EQUIP_RSVR
WHERE SITE_SQ = :site_sq
ORDER BY EQUIP_NM

2026-05-01 08:48:43.319 | INFO     | main:lifespan:23 - 🚀 Database pool initialized and queries loaded.
2026-05-01 08:48:46.652 | ERROR    | core.logger:log_middleware:36 - IP: 127.0.0.1 | Method: POST | URL: /auth/token | Error: password cannot be longer than 72 bytes, truncate manually if necessary (e.g. my_password[:72]) | Time: 8.06ms
2026-05-01 08:49:26.192 | INFO     | main:lifespan:27 - 🛑 Database pool closed.
2026-05-01 08:49:26.675 | INFO     | __mp_main__:<module>:48 - app
2026-05-01 08:49:26.695 | INFO     | main:<module>:48 - app
2026-05-01 08:49:26.702 | INFO     | core.query_loader:load_queries:11 - ###### load queries ######
2026-05-01 08:49:26.703 | INFO     | core.query_loader:load_queries:14 - /home/mywsl/istec/irews_new/resource/user.yaml
2026-05-01 08:49:26.705 | INFO     | core.query_loader:load_queries:14 - /home/mywsl/istec/irews_new/resource/auth.yaml
2026-05-01 08:49:26.706 | INFO     | core.query_loader:load_queries:14 - /home/mywsl/istec/irews_new/resource/equip.yaml
2026-05-01 08:49:26.707 | INFO     | core.query_loader:load_queries:17 - {'user': {'get_user': {'desc': {'params': 'user_id(str)\n', 'result': '사용자 아이디의 사용자 정보\n'}, 'query': 'SELECT GROUP_SQ, SITE_SQ, USER_SQ, ROLL_CD, USER_NM,\nFROM TB_M1_INFO_USER_BASE\nWHERE USER_ID  = :user_id\n'}, 'update_last_login': {'desc': {'params': 'user_id(str)\n', 'result': '사용자 아이디의 접속 시간 업데이트\n'}, 'query': 'UPDATE users \nSET last_login = SYSDATE \nWHERE id = :user_id'}}, 'auth': {'find_user': {'desc': {'params': 'user_id(str)\n', 'result': '사용자 아이디에 대한 사용자 정보\n'}, 'query': 'SELECT USER_ID, USER_PWD, USER_NM, GROUP_SQ, SITE_SQ, USER_SQ, ROLL_CD\nFROM TB_M1_INFO_USER_BASE\nWHERE USER_ID  = :user_id'}}, 'equip': {'rsvr_list_by_site_sq': {'desc': {'params': 'site_sq(str)\n', 'result': '사이트 시퀀스의 설비 정보\n'}, 'query': 'SELECT * FROM VI_SV_INFO_EQUIP_RSVR\nWHERE SITE_SQ = :site_sq\nORDER BY EQUIP_NM\n'}, 'rsvr_current_list_by_site_sq': {'desc': {'params': 'site_sq(str)\n', 'result': '사이트 시퀀스의 실시간 설비 정보\n'}, 'query': 'SELECT * FROM VI_SV_MEAS_EQUIP_RSVR_C\nWHERE SITE_SQ = :site_sq\nORDER BY EQUIP_NM\n'}, 'rsvr_current_by_point_sq': {'desc': {'params': 'point_sq(str)\n', 'result': '포인트 시퀀스의 실시간 설비 정보\n'}, 'query': 'SELECT * FROM VI_SV_MEAS_EQUIP_RSVR_C\nWHERE POINT_SQ = :point_sq'}}}
2026-05-01 08:49:26.707 | INFO     | core.query_loader:load_queries:18 - ###### load queries ######
2026-05-01 08:49:26.707 | INFO     | main:lifespan:22 - SELECT * FROM VI_SV_INFO_EQUIP_RSVR
WHERE SITE_SQ = :site_sq
ORDER BY EQUIP_NM

2026-05-01 08:49:26.708 | INFO     | main:lifespan:23 - 🚀 Database pool initialized and queries loaded.
2026-05-01 08:49:28.151 | INFO     | core.jwt_handler:verify_password:55 - test
2026-05-01 08:49:28.151 | ERROR    | core.jwt_handler:verify_password:59 - Verification error: hash could not be identified
2026-05-01 08:49:28.152 | WARNING  | api.auth_api:login:27 - Login failed: Incorrect password for user admin_user
2026-05-01 08:49:28.152 | INFO     | core.logger:log_middleware:28 - IP: 127.0.0.1 | Method: POST | URL: /auth/token | Status: 401 | Time: 3.52ms
2026-05-01 08:50:41.713 | INFO     | core.jwt_handler:verify_password:55 - test
2026-05-01 08:50:41.713 | ERROR    | core.jwt_handler:verify_password:59 - Verification error: hash could not be identified
2026-05-01 08:50:41.713 | WARNING  | api.auth_api:login:27 - Login failed: Incorrect password for user admin_user
2026-05-01 08:50:41.714 | INFO     | core.logger:log_middleware:28 - IP: 127.0.0.1 | Method: POST | URL: /auth/token | Status: 401 | Time: 2.01ms
2026-05-01 08:58:55.220 | INFO     | main:lifespan:27 - 🛑 Database pool closed.
2026-05-01 08:58:55.671 | INFO     | __mp_main__:<module>:48 - app
2026-05-01 08:58:55.688 | INFO     | main:<module>:48 - app
2026-05-01 08:58:55.696 | INFO     | core.query_loader:load_queries:11 - ###### load queries ######
2026-05-01 08:58:55.698 | INFO     | core.query_loader:load_queries:14 - /home/mywsl/istec/irews_new/resource/user.yaml
2026-05-01 08:58:55.700 | INFO     | core.query_loader:load_queries:14 - /home/mywsl/istec/irews_new/resource/auth.yaml
2026-05-01 08:58:55.700 | INFO     | core.query_loader:load_queries:14 - /home/mywsl/istec/irews_new/resource/equip.yaml
2026-05-01 08:58:55.702 | INFO     | core.query_loader:load_queries:17 - {'user': {'get_user': {'desc': {'params': 'user_id(str)\n', 'result': '사용자 아이디의 사용자 정보\n'}, 'query': 'SELECT GROUP_SQ, SITE_SQ, USER_SQ, ROLL_CD, USER_NM,\nFROM TB_M1_INFO_USER_BASE\nWHERE USER_ID  = :user_id\n'}, 'update_last_login': {'desc': {'params': 'user_id(str)\n', 'result': '사용자 아이디의 접속 시간 업데이트\n'}, 'query': 'UPDATE users \nSET last_login = SYSDATE \nWHERE id = :user_id'}}, 'auth': {'find_user': {'desc': {'params': 'user_id(str)\n', 'result': '사용자 아이디에 대한 사용자 정보\n'}, 'query': 'SELECT USER_ID, USER_PWD, USER_NM, GROUP_SQ, SITE_SQ, USER_SQ, ROLL_CD\nFROM TB_M1_INFO_USER_BASE\nWHERE USER_ID  = :user_id'}}, 'equip': {'rsvr_list_by_site_sq': {'desc': {'params': 'site_sq(str)\n', 'result': '사이트 시퀀스의 설비 정보\n'}, 'query': 'SELECT * FROM VI_SV_INFO_EQUIP_RSVR\nWHERE SITE_SQ = :site_sq\nORDER BY EQUIP_NM\n'}, 'rsvr_current_list_by_site_sq': {'desc': {'params': 'site_sq(str)\n', 'result': '사이트 시퀀스의 실시간 설비 정보\n'}, 'query': 'SELECT * FROM VI_SV_MEAS_EQUIP_RSVR_C\nWHERE SITE_SQ = :site_sq\nORDER BY EQUIP_NM\n'}, 'rsvr_current_by_point_sq': {'desc': {'params': 'point_sq(str)\n', 'result': '포인트 시퀀스의 실시간 설비 정보\n'}, 'query': 'SELECT * FROM VI_SV_MEAS_EQUIP_RSVR_C\nWHERE POINT_SQ = :point_sq'}}}
2026-05-01 08:58:55.702 | INFO     | core.query_loader:load_queries:18 - ###### load queries ######
2026-05-01 08:58:55.702 | INFO     | main:lifespan:22 - SELECT * FROM VI_SV_INFO_EQUIP_RSVR
WHERE SITE_SQ = :site_sq
ORDER BY EQUIP_NM

2026-05-01 08:58:55.702 | INFO     | main:lifespan:23 - 🚀 Database pool initialized and queries loaded.
2026-05-01 08:59:13.400 | INFO     | main:lifespan:27 - 🛑 Database pool closed.
2026-05-01 08:59:13.886 | INFO     | __mp_main__:<module>:48 - app
2026-05-01 08:59:13.904 | INFO     | main:<module>:48 - app
2026-05-01 08:59:13.911 | INFO     | core.query_loader:load_queries:11 - ###### load queries ######
2026-05-01 08:59:13.912 | INFO     | core.query_loader:load_queries:14 - /home/mywsl/istec/irews_new/resource/user.yaml
2026-05-01 08:59:13.914 | INFO     | core.query_loader:load_queries:14 - /home/mywsl/istec/irews_new/resource/auth.yaml
2026-05-01 08:59:13.915 | INFO     | core.query_loader:load_queries:14 - /home/mywsl/istec/irews_new/resource/equip.yaml
2026-05-01 08:59:13.916 | INFO     | core.query_loader:load_queries:17 - {'user': {'get_user': {'desc': {'params': 'user_id(str)\n', 'result': '사용자 아이디의 사용자 정보\n'}, 'query': 'SELECT GROUP_SQ, SITE_SQ, USER_SQ, ROLL_CD, USER_NM,\nFROM TB_M1_INFO_USER_BASE\nWHERE USER_ID  = :user_id\n'}, 'update_last_login': {'desc': {'params': 'user_id(str)\n', 'result': '사용자 아이디의 접속 시간 업데이트\n'}, 'query': 'UPDATE users \nSET last_login = SYSDATE \nWHERE id = :user_id'}}, 'auth': {'find_user': {'desc': {'params': 'user_id(str)\n', 'result': '사용자 아이디에 대한 사용자 정보\n'}, 'query': 'SELECT USER_ID, USER_PWD, USER_NM, GROUP_SQ, SITE_SQ, USER_SQ, ROLL_CD\nFROM TB_M1_INFO_USER_BASE\nWHERE USER_ID  = :user_id'}}, 'equip': {'rsvr_list_by_site_sq': {'desc': {'params': 'site_sq(str)\n', 'result': '사이트 시퀀스의 설비 정보\n'}, 'query': 'SELECT * FROM VI_SV_INFO_EQUIP_RSVR\nWHERE SITE_SQ = :site_sq\nORDER BY EQUIP_NM\n'}, 'rsvr_current_list_by_site_sq': {'desc': {'params': 'site_sq(str)\n', 'result': '사이트 시퀀스의 실시간 설비 정보\n'}, 'query': 'SELECT * FROM VI_SV_MEAS_EQUIP_RSVR_C\nWHERE SITE_SQ = :site_sq\nORDER BY EQUIP_NM\n'}, 'rsvr_current_by_point_sq': {'desc': {'params': 'point_sq(str)\n', 'result': '포인트 시퀀스의 실시간 설비 정보\n'}, 'query': 'SELECT * FROM VI_SV_MEAS_EQUIP_RSVR_C\nWHERE POINT_SQ = :point_sq'}}}
2026-05-01 08:59:13.916 | INFO     | core.query_loader:load_queries:18 - ###### load queries ######
2026-05-01 08:59:13.916 | INFO     | main:lifespan:22 - SELECT * FROM VI_SV_INFO_EQUIP_RSVR
WHERE SITE_SQ = :site_sq
ORDER BY EQUIP_NM

2026-05-01 08:59:13.916 | INFO     | main:lifespan:23 - 🚀 Database pool initialized and queries loaded.
2026-05-01 08:59:19.957 | WARNING  | core.jwt_handler:verify_password_simple:72 - 비밀번호 불일치
2026-05-01 08:59:19.957 | WARNING  | api.auth_api:login:27 - Login failed: Incorrect password for user admin_user
2026-05-01 08:59:19.957 | INFO     | core.logger:log_middleware:28 - IP: 127.0.0.1 | Method: POST | URL: /auth/token | Status: 401 | Time: 2.77ms
2026-05-01 09:00:21.211 | INFO     | main:lifespan:27 - 🛑 Database pool closed.
2026-05-01 09:00:21.681 | INFO     | __mp_main__:<module>:48 - app
2026-05-01 09:00:21.708 | INFO     | main:<module>:48 - app
2026-05-01 09:00:21.718 | INFO     | core.query_loader:load_queries:11 - ###### load queries ######
2026-05-01 09:00:21.719 | INFO     | core.query_loader:load_queries:14 - /home/mywsl/istec/irews_new/resource/user.yaml
2026-05-01 09:00:21.720 | INFO     | core.query_loader:load_queries:14 - /home/mywsl/istec/irews_new/resource/auth.yaml
2026-05-01 09:00:21.721 | INFO     | core.query_loader:load_queries:14 - /home/mywsl/istec/irews_new/resource/equip.yaml
2026-05-01 09:00:21.722 | INFO     | core.query_loader:load_queries:17 - {'user': {'get_user': {'desc': {'params': 'user_id(str)\n', 'result': '사용자 아이디의 사용자 정보\n'}, 'query': 'SELECT GROUP_SQ, SITE_SQ, USER_SQ, ROLL_CD, USER_NM,\nFROM TB_M1_INFO_USER_BASE\nWHERE USER_ID  = :user_id\n'}, 'update_last_login': {'desc': {'params': 'user_id(str)\n', 'result': '사용자 아이디의 접속 시간 업데이트\n'}, 'query': 'UPDATE users \nSET last_login = SYSDATE \nWHERE id = :user_id'}}, 'auth': {'find_user': {'desc': {'params': 'user_id(str)\n', 'result': '사용자 아이디에 대한 사용자 정보\n'}, 'query': 'SELECT USER_ID, USER_PWD, USER_NM, GROUP_SQ, SITE_SQ, USER_SQ, ROLL_CD\nFROM TB_M1_INFO_USER_BASE\nWHERE USER_ID  = :user_id'}}, 'equip': {'rsvr_list_by_site_sq': {'desc': {'params': 'site_sq(str)\n', 'result': '사이트 시퀀스의 설비 정보\n'}, 'query': 'SELECT * FROM VI_SV_INFO_EQUIP_RSVR\nWHERE SITE_SQ = :site_sq\nORDER BY EQUIP_NM\n'}, 'rsvr_current_list_by_site_sq': {'desc': {'params': 'site_sq(str)\n', 'result': '사이트 시퀀스의 실시간 설비 정보\n'}, 'query': 'SELECT * FROM VI_SV_MEAS_EQUIP_RSVR_C\nWHERE SITE_SQ = :site_sq\nORDER BY EQUIP_NM\n'}, 'rsvr_current_by_point_sq': {'desc': {'params': 'point_sq(str)\n', 'result': '포인트 시퀀스의 실시간 설비 정보\n'}, 'query': 'SELECT * FROM VI_SV_MEAS_EQUIP_RSVR_C\nWHERE POINT_SQ = :point_sq'}}}
2026-05-01 09:00:21.722 | INFO     | core.query_loader:load_queries:18 - ###### load queries ######
2026-05-01 09:00:21.722 | INFO     | main:lifespan:22 - SELECT * FROM VI_SV_INFO_EQUIP_RSVR
WHERE SITE_SQ = :site_sq
ORDER BY EQUIP_NM

2026-05-01 09:00:21.723 | INFO     | main:lifespan:23 - 🚀 Database pool initialized and queries loaded.
2026-05-01 09:00:23.760 | INFO     | core.jwt_handler:verify_password_simple:67 - test
2026-05-01 09:00:23.760 | WARNING  | core.jwt_handler:verify_password_simple:74 - 비밀번호 불일치
2026-05-01 09:00:23.760 | WARNING  | api.auth_api:login:27 - Login failed: Incorrect password for user admin_user
2026-05-01 09:00:23.761 | INFO     | core.logger:log_middleware:28 - IP: 127.0.0.1 | Method: POST | URL: /auth/token | Status: 401 | Time: 2.71ms
2026-05-01 09:00:57.103 | INFO     | main:lifespan:27 - 🛑 Database pool closed.
2026-05-01 09:00:57.543 | INFO     | __mp_main__:<module>:48 - app
2026-05-01 09:00:57.562 | INFO     | main:<module>:48 - app
2026-05-01 09:00:57.569 | INFO     | core.query_loader:load_queries:11 - ###### load queries ######
2026-05-01 09:00:57.570 | INFO     | core.query_loader:load_queries:14 - /home/mywsl/istec/irews_new/resource/user.yaml
2026-05-01 09:00:57.572 | INFO     | core.query_loader:load_queries:14 - /home/mywsl/istec/irews_new/resource/auth.yaml
2026-05-01 09:00:57.573 | INFO     | core.query_loader:load_queries:14 - /home/mywsl/istec/irews_new/resource/equip.yaml
2026-05-01 09:00:57.574 | INFO     | core.query_loader:load_queries:17 - {'user': {'get_user': {'desc': {'params': 'user_id(str)\n', 'result': '사용자 아이디의 사용자 정보\n'}, 'query': 'SELECT GROUP_SQ, SITE_SQ, USER_SQ, ROLL_CD, USER_NM,\nFROM TB_M1_INFO_USER_BASE\nWHERE USER_ID  = :user_id\n'}, 'update_last_login': {'desc': {'params': 'user_id(str)\n', 'result': '사용자 아이디의 접속 시간 업데이트\n'}, 'query': 'UPDATE users \nSET last_login = SYSDATE \nWHERE id = :user_id'}}, 'auth': {'find_user': {'desc': {'params': 'user_id(str)\n', 'result': '사용자 아이디에 대한 사용자 정보\n'}, 'query': 'SELECT USER_ID, USER_PWD, USER_NM, GROUP_SQ, SITE_SQ, USER_SQ, ROLL_CD\nFROM TB_M1_INFO_USER_BASE\nWHERE USER_ID  = :user_id'}}, 'equip': {'rsvr_list_by_site_sq': {'desc': {'params': 'site_sq(str)\n', 'result': '사이트 시퀀스의 설비 정보\n'}, 'query': 'SELECT * FROM VI_SV_INFO_EQUIP_RSVR\nWHERE SITE_SQ = :site_sq\nORDER BY EQUIP_NM\n'}, 'rsvr_current_list_by_site_sq': {'desc': {'params': 'site_sq(str)\n', 'result': '사이트 시퀀스의 실시간 설비 정보\n'}, 'query': 'SELECT * FROM VI_SV_MEAS_EQUIP_RSVR_C\nWHERE SITE_SQ = :site_sq\nORDER BY EQUIP_NM\n'}, 'rsvr_current_by_point_sq': {'desc': {'params': 'point_sq(str)\n', 'result': '포인트 시퀀스의 실시간 설비 정보\n'}, 'query': 'SELECT * FROM VI_SV_MEAS_EQUIP_RSVR_C\nWHERE POINT_SQ = :point_sq'}}}
2026-05-01 09:00:57.574 | INFO     | core.query_loader:load_queries:18 - ###### load queries ######
2026-05-01 09:00:57.574 | INFO     | main:lifespan:22 - SELECT * FROM VI_SV_INFO_EQUIP_RSVR
WHERE SITE_SQ = :site_sq
ORDER BY EQUIP_NM

2026-05-01 09:00:57.574 | INFO     | main:lifespan:23 - 🚀 Database pool initialized and queries loaded.
2026-05-01 09:01:06.489 | INFO     | main:lifespan:27 - 🛑 Database pool closed.
2026-05-01 09:01:06.925 | INFO     | __mp_main__:<module>:48 - app
2026-05-01 09:01:06.944 | INFO     | main:<module>:48 - app
2026-05-01 09:01:06.950 | INFO     | core.query_loader:load_queries:11 - ###### load queries ######
2026-05-01 09:01:06.952 | INFO     | core.query_loader:load_queries:14 - /home/mywsl/istec/irews_new/resource/user.yaml
2026-05-01 09:01:06.953 | INFO     | core.query_loader:load_queries:14 - /home/mywsl/istec/irews_new/resource/auth.yaml
2026-05-01 09:01:06.953 | INFO     | core.query_loader:load_queries:14 - /home/mywsl/istec/irews_new/resource/equip.yaml
2026-05-01 09:01:06.954 | INFO     | core.query_loader:load_queries:17 - {'user': {'get_user': {'desc': {'params': 'user_id(str)\n', 'result': '사용자 아이디의 사용자 정보\n'}, 'query': 'SELECT GROUP_SQ, SITE_SQ, USER_SQ, ROLL_CD, USER_NM,\nFROM TB_M1_INFO_USER_BASE\nWHERE USER_ID  = :user_id\n'}, 'update_last_login': {'desc': {'params': 'user_id(str)\n', 'result': '사용자 아이디의 접속 시간 업데이트\n'}, 'query': 'UPDATE users \nSET last_login = SYSDATE \nWHERE id = :user_id'}}, 'auth': {'find_user': {'desc': {'params': 'user_id(str)\n', 'result': '사용자 아이디에 대한 사용자 정보\n'}, 'query': 'SELECT USER_ID, USER_PWD, USER_NM, GROUP_SQ, SITE_SQ, USER_SQ, ROLL_CD\nFROM TB_M1_INFO_USER_BASE\nWHERE USER_ID  = :user_id'}}, 'equip': {'rsvr_list_by_site_sq': {'desc': {'params': 'site_sq(str)\n', 'result': '사이트 시퀀스의 설비 정보\n'}, 'query': 'SELECT * FROM VI_SV_INFO_EQUIP_RSVR\nWHERE SITE_SQ = :site_sq\nORDER BY EQUIP_NM\n'}, 'rsvr_current_list_by_site_sq': {'desc': {'params': 'site_sq(str)\n', 'result': '사이트 시퀀스의 실시간 설비 정보\n'}, 'query': 'SELECT * FROM VI_SV_MEAS_EQUIP_RSVR_C\nWHERE SITE_SQ = :site_sq\nORDER BY EQUIP_NM\n'}, 'rsvr_current_by_point_sq': {'desc': {'params': 'point_sq(str)\n', 'result': '포인트 시퀀스의 실시간 설비 정보\n'}, 'query': 'SELECT * FROM VI_SV_MEAS_EQUIP_RSVR_C\nWHERE POINT_SQ = :point_sq'}}}
2026-05-01 09:01:06.955 | INFO     | core.query_loader:load_queries:18 - ###### load queries ######
2026-05-01 09:01:06.955 | INFO     | main:lifespan:22 - SELECT * FROM VI_SV_INFO_EQUIP_RSVR
WHERE SITE_SQ = :site_sq
ORDER BY EQUIP_NM

2026-05-01 09:01:06.955 | INFO     | main:lifespan:23 - 🚀 Database pool initialized and queries loaded.
2026-05-01 09:01:10.020 | WARNING  | core.jwt_handler:verify_password_simple:74 - 비밀번호 불일치
2026-05-01 09:01:10.020 | WARNING  | api.auth_api:login:27 - Login failed: Incorrect password for user admin_user
2026-05-01 09:01:10.020 | INFO     | core.logger:log_middleware:28 - IP: 127.0.0.1 | Method: POST | URL: /auth/token | Status: 401 | Time: 2.46ms
2026-05-01 09:16:31.362 | INFO     | main:lifespan:27 - 🛑 Database pool closed.
2026-05-01 09:16:33.099 | INFO     | __mp_main__:<module>:48 - app
2026-05-01 09:16:33.118 | INFO     | main:<module>:48 - app
2026-05-01 09:16:33.124 | INFO     | core.query_loader:load_queries:11 - ###### load queries ######
2026-05-01 09:16:33.126 | INFO     | core.query_loader:load_queries:14 - /home/mywsl/istec/irews_new/resource/user.yaml
2026-05-01 09:16:33.127 | INFO     | core.query_loader:load_queries:14 - /home/mywsl/istec/irews_new/resource/auth.yaml
2026-05-01 09:16:33.128 | INFO     | core.query_loader:load_queries:14 - /home/mywsl/istec/irews_new/resource/equip.yaml
2026-05-01 09:16:33.129 | INFO     | core.query_loader:load_queries:17 - {'user': {'get_user': {'desc': {'params': 'user_id(str)\n', 'result': '사용자 아이디의 사용자 정보\n'}, 'query': 'SELECT GROUP_SQ, SITE_SQ, USER_SQ, ROLL_CD, USER_NM,\nFROM TB_M1_INFO_USER_BASE\nWHERE USER_ID  = :user_id\n'}, 'update_last_login': {'desc': {'params': 'user_id(str)\n', 'result': '사용자 아이디의 접속 시간 업데이트\n'}, 'query': 'UPDATE users \nSET last_login = SYSDATE \nWHERE id = :user_id'}}, 'auth': {'find_user': {'desc': {'params': 'user_id(str)\n', 'result': '사용자 아이디에 대한 사용자 정보\n'}, 'query': 'SELECT USER_ID, USER_PWD, USER_NM, GROUP_SQ, SITE_SQ, USER_SQ, ROLL_CD\nFROM TB_M1_INFO_USER_BASE\nWHERE USER_ID  = :user_id'}}, 'equip': {'rsvr_list_by_site_sq': {'desc': {'params': 'site_sq(str)\n', 'result': '사이트 시퀀스의 설비 정보\n'}, 'query': 'SELECT * FROM VI_SV_INFO_EQUIP_RSVR\nWHERE SITE_SQ = :site_sq\nORDER BY EQUIP_NM\n'}, 'rsvr_current_list_by_site_sq': {'desc': {'params': 'site_sq(str)\n', 'result': '사이트 시퀀스의 실시간 설비 정보\n'}, 'query': 'SELECT * FROM VI_SV_MEAS_EQUIP_RSVR_C\nWHERE SITE_SQ = :site_sq\nORDER BY EQUIP_NM\n'}, 'rsvr_current_by_point_sq': {'desc': {'params': 'point_sq(str)\n', 'result': '포인트 시퀀스의 실시간 설비 정보\n'}, 'query': 'SELECT * FROM VI_SV_MEAS_EQUIP_RSVR_C\nWHERE POINT_SQ = :point_sq'}}}
2026-05-01 09:16:33.129 | INFO     | core.query_loader:load_queries:18 - ###### load queries ######
2026-05-01 09:16:33.129 | INFO     | main:lifespan:22 - SELECT * FROM VI_SV_INFO_EQUIP_RSVR
WHERE SITE_SQ = :site_sq
ORDER BY EQUIP_NM

2026-05-01 09:16:33.129 | INFO     | main:lifespan:23 - 🚀 Database pool initialized and queries loaded.
2026-05-01 09:16:37.860 | SUCCESS  | core.jwt_handler:verify_password_simple:75 - 비밀번호 일치 (SHA-256)
2026-05-01 09:16:37.861 | SUCCESS  | api.auth_api:login:30 - User admin_user logged in successfully.
2026-05-01 09:16:37.862 | INFO     | core.logger:log_middleware:28 - IP: 127.0.0.1 | Method: POST | URL: /auth/token | Status: 200 | Time: 3.70ms
2026-05-01 09:17:30.675 | INFO     | main:lifespan:27 - 🛑 Database pool closed.
2026-05-01 09:17:31.136 | INFO     | __mp_main__:<module>:48 - app
2026-05-01 09:17:31.154 | INFO     | main:<module>:48 - app
2026-05-01 09:17:31.160 | INFO     | core.query_loader:load_queries:11 - ###### load queries ######
2026-05-01 09:17:31.161 | INFO     | core.query_loader:load_queries:14 - /home/mywsl/istec/irews_new/resource/user.yaml
2026-05-01 09:17:31.162 | INFO     | core.query_loader:load_queries:14 - /home/mywsl/istec/irews_new/resource/auth.yaml
2026-05-01 09:17:31.164 | INFO     | core.query_loader:load_queries:14 - /home/mywsl/istec/irews_new/resource/equip.yaml
2026-05-01 09:17:31.165 | INFO     | core.query_loader:load_queries:17 - {'user': {'get_user': {'desc': {'params': 'user_id(str)\n', 'result': '사용자 아이디의 사용자 정보\n'}, 'query': 'SELECT GROUP_SQ, SITE_SQ, USER_SQ, ROLL_CD, USER_NM,\nFROM TB_M1_INFO_USER_BASE\nWHERE USER_ID  = :user_id\n'}, 'update_last_login': {'desc': {'params': 'user_id(str)\n', 'result': '사용자 아이디의 접속 시간 업데이트\n'}, 'query': 'UPDATE users \nSET last_login = SYSDATE \nWHERE id = :user_id'}}, 'auth': {'find_user': {'desc': {'params': 'user_id(str)\n', 'result': '사용자 아이디에 대한 사용자 정보\n'}, 'query': 'SELECT USER_ID, USER_PWD, USER_NM, GROUP_SQ, SITE_SQ, USER_SQ, ROLL_CD\nFROM TB_M1_INFO_USER_BASE\nWHERE USER_ID  = :user_id'}}, 'equip': {'rsvr_list_by_site_sq': {'desc': {'params': 'site_sq(str)\n', 'result': '사이트 시퀀스의 설비 정보\n'}, 'query': 'SELECT * FROM VI_SV_INFO_EQUIP_RSVR\nWHERE SITE_SQ = :site_sq\nORDER BY EQUIP_NM\n'}, 'rsvr_current_list_by_site_sq': {'desc': {'params': 'site_sq(str)\n', 'result': '사이트 시퀀스의 실시간 설비 정보\n'}, 'query': 'SELECT * FROM VI_SV_MEAS_EQUIP_RSVR_C\nWHERE SITE_SQ = :site_sq\nORDER BY EQUIP_NM\n'}, 'rsvr_current_by_point_sq': {'desc': {'params': 'point_sq(str)\n', 'result': '포인트 시퀀스의 실시간 설비 정보\n'}, 'query': 'SELECT * FROM VI_SV_MEAS_EQUIP_RSVR_C\nWHERE POINT_SQ = :point_sq'}}}
2026-05-01 09:17:31.166 | INFO     | core.query_loader:load_queries:18 - ###### load queries ######
2026-05-01 09:17:31.166 | INFO     | main:lifespan:22 - SELECT * FROM VI_SV_INFO_EQUIP_RSVR
WHERE SITE_SQ = :site_sq
ORDER BY EQUIP_NM

2026-05-01 09:17:31.166 | INFO     | main:lifespan:23 - 🚀 Database pool initialized and queries loaded.
2026-05-01 09:18:17.666 | INFO     | main:lifespan:27 - 🛑 Database pool closed.
2026-05-01 09:18:18.159 | INFO     | __mp_main__:<module>:48 - app
2026-05-01 09:18:18.178 | INFO     | main:<module>:48 - app
2026-05-01 09:18:18.185 | INFO     | core.query_loader:load_queries:11 - ###### load queries ######
2026-05-01 09:18:18.186 | INFO     | core.query_loader:load_queries:14 - /home/mywsl/istec/irews_new/resource/user.yaml
2026-05-01 09:18:18.188 | INFO     | core.query_loader:load_queries:14 - /home/mywsl/istec/irews_new/resource/auth.yaml
2026-05-01 09:18:18.189 | INFO     | core.query_loader:load_queries:14 - /home/mywsl/istec/irews_new/resource/equip.yaml
2026-05-01 09:18:18.190 | INFO     | core.query_loader:load_queries:17 - {'user': {'get_user': {'desc': {'params': 'user_id(str)\n', 'result': '사용자 아이디의 사용자 정보\n'}, 'query': 'SELECT GROUP_SQ, SITE_SQ, USER_SQ, ROLL_CD, USER_NM,\nFROM TB_M1_INFO_USER_BASE\nWHERE USER_ID  = :user_id\n'}, 'update_last_login': {'desc': {'params': 'user_id(str)\n', 'result': '사용자 아이디의 접속 시간 업데이트\n'}, 'query': 'UPDATE users \nSET last_login = SYSDATE \nWHERE id = :user_id'}}, 'auth': {'find_user': {'desc': {'params': 'user_id(str)\n', 'result': '사용자 아이디에 대한 사용자 정보\n'}, 'query': 'SELECT USER_ID, USER_PWD, USER_NM, GROUP_SQ, SITE_SQ, USER_SQ, ROLL_CD\nFROM TB_M1_INFO_USER_BASE\nWHERE USER_ID  = :user_id'}}, 'equip': {'rsvr_list_by_site_sq': {'desc': {'params': 'site_sq(str)\n', 'result': '사이트 시퀀스의 설비 정보\n'}, 'query': 'SELECT * FROM VI_SV_INFO_EQUIP_RSVR\nWHERE SITE_SQ = :site_sq\nORDER BY EQUIP_NM\n'}, 'rsvr_current_list_by_site_sq': {'desc': {'params': 'site_sq(str)\n', 'result': '사이트 시퀀스의 실시간 설비 정보\n'}, 'query': 'SELECT * FROM VI_SV_MEAS_EQUIP_RSVR_C\nWHERE SITE_SQ = :site_sq\nORDER BY EQUIP_NM\n'}, 'rsvr_current_by_point_sq': {'desc': {'params': 'point_sq(str)\n', 'result': '포인트 시퀀스의 실시간 설비 정보\n'}, 'query': 'SELECT * FROM VI_SV_MEAS_EQUIP_RSVR_C\nWHERE POINT_SQ = :point_sq'}}}
2026-05-01 09:18:18.190 | INFO     | core.query_loader:load_queries:18 - ###### load queries ######
2026-05-01 09:18:18.190 | INFO     | main:lifespan:22 - SELECT * FROM VI_SV_INFO_EQUIP_RSVR
WHERE SITE_SQ = :site_sq
ORDER BY EQUIP_NM

2026-05-01 09:18:18.190 | INFO     | main:lifespan:23 - 🚀 Database pool initialized and queries loaded.
2026-05-01 09:18:20.606 | INFO     | main:lifespan:27 - 🛑 Database pool closed.
